---
source: crates/dreamd-core/tests/dream_cycle_snapshot.rs
expression: content
---
---
last_updated: "2025-05-13T12:00:00Z"
prompt_version: "deterministic-only"
cluster_key: "rust::tokio::async_patterns"
---
<!-- dreamd:lesson id="evt_01ARZ3NDEKTSV4RRFFQ69G5FA4" cluster="rust::tokio::async_patterns" -->
tokio::select! branches must handle cancellation; use biased for shutdown priority
<!-- /dreamd:lesson -->
