---
source: crates/dreamd-cli/tests/cli_help.rs
assertion_line: 48
expression: "subcommand_help(\"init\")"
---
Scaffold per-project .agent/ store and register it with the daemon

Usage: init [OPTIONS]

Options:
      --quiet
          Suppress non-essential output (state.json, .gitignore, registry, disclosure)

  -h, --help
          Print help
