---
source: crates/dreamd-cli/tests/cli_help.rs
expression: top_help()
---
Portable memory layer for AI coding agents

Usage: dreamd [COMMAND]

Commands:
  archive  Operator maintenance on the episodic log. Today: --force-unpin
  doctor   Run health checks and print status (dream-cycle mode, etc.)
  dream    Run the deterministic dream cycle: promote top cluster to LESSONS.md, prune decayed episodic events
  init     Scaffold per-project .agent/ store and register it with the daemon
  mcp      Start the MCP server (bridges to daemon if running, otherwise in-process)
  recall   BM25 × salience recall as a markdown table (DR-703)
  score    Top-N entries by salience with no lexical filter (DR-704)
  reset    Reset scratch state (DR-113). Today only `workspace` is supported
  status   Print daemon liveness, resolved project, last dream cycle, and recent log
  watch    Run the daemon in foreground mode. Blocks until SIGINT/SIGTERM
  version  Print structured version information (semver, commit, build date, target, schema)
  help     Print this message or the help of the given subcommand(s)

Options:
  -V, --version
          Print version information

  -h, --help
          Print help
